###############################################################################
#
# IAR ELF Linker V3.10.1.201 for STM8                     02/Jul/2019  11:56:27
# Copyright 2010-2017 IAR Systems AB.
#
#    Output file  =  
#        C:\Users\Administrator\Desktop\flash\pro\Debug\Exe\flash.out
#    Map file     =  
#        C:\Users\Administrator\Desktop\flash\pro\Debug\List\flash.map
#    Command line =  
#        -f C:\Users\ADMINI~1\AppData\Local\Temp\EWEF63.tmp
#        (C:\Users\Administrator\Desktop\flash\pro\Debug\Obj\bsp_flash.o
#        C:\Users\Administrator\Desktop\flash\pro\Debug\Obj\bsp_led.o
#        C:\Users\Administrator\Desktop\flash\pro\Debug\Obj\bsp_timer.o
#        C:\Users\Administrator\Desktop\flash\pro\Debug\Obj\bsp_uart1.o
#        C:\Users\Administrator\Desktop\flash\pro\Debug\Obj\EepromMap.o
#        C:\Users\Administrator\Desktop\flash\pro\Debug\Obj\main.o
#        C:\Users\Administrator\Desktop\flash\pro\Debug\Obj\stm8s_clk.o
#        C:\Users\Administrator\Desktop\flash\pro\Debug\Obj\stm8s_flash.o
#        C:\Users\Administrator\Desktop\flash\pro\Debug\Obj\stm8s_gpio.o
#        C:\Users\Administrator\Desktop\flash\pro\Debug\Obj\stm8s_it.o
#        C:\Users\Administrator\Desktop\flash\pro\Debug\Obj\stm8s_iwdg.o
#        C:\Users\Administrator\Desktop\flash\pro\Debug\Obj\stm8s_tim4.o
#        C:\Users\Administrator\Desktop\flash\pro\Debug\Obj\stm8s_uart1.o
#        C:\Users\Administrator\Desktop\flash\pro\Debug\Obj\system.o
#        C:\Users\Administrator\Desktop\flash\pro\Debug\Obj\TimeOut.o
#        --redirect _Printf=_PrintfSmall --redirect _Scanf=_ScanfSmall -o
#        C:\Users\Administrator\Desktop\flash\pro\Debug\Exe\flash.out --map
#        C:\Users\Administrator\Desktop\flash\pro\Debug\List\flash.map --config
#        "C:\Program Files (x86)\IAR Systems\Embedded Workbench
#        8.0\stm8\config\lnkstm8s103f3.icf" --config_def _CSTACK_SIZE=0x100
#        --config_def _HEAP_SIZE=0x100 --entry __iar_program_start --debug_lib)
#
###############################################################################

*******************************************************************************
*** RUNTIME MODEL ATTRIBUTES
***

__SystemLibrary            = DLib
__code_model               = small
__core                     = stm8
__data_model               = medium
__dlib_file_descriptor     = 0
__dlib_full_locale_support = 0
__rt_version               = 4


*******************************************************************************
*** PLACEMENT SUMMARY
***

"A0":  place at start of [0x000000-0x0000ff] { rw section .vregs };
"A1":  place at end of [0x000000-0x0003ff] { block CSTACK };
"P2":  place in [from 0x000000 to 0x0003ff] {
          block HEAP, rw section __DLIB_PERTHREAD, rw section .far.bss,
          rw section .far.data, rw section .far.noinit,
          rw section .far_func.textrw, rw section .huge.bss,
          rw section .huge.data, rw section .huge.noinit,
          rw section .huge_func.textrw, rw section .iar.dynexit,
          rw section .near.bss, rw section .near.data, rw section .near.noinit,
          rw section .near_func.textrw };
"A2":  place at start of [0x008000-0x009fff] { block INTVEC };
"P3":  place in [from 0x008000 to 0x009fff] {
          ro section __DLIB_PERTHREAD_init, ro section .far.data_init,
          ro section .far_func.textrw_init, ro section .huge.data_init,
          ro section .huge_func.textrw_init, ro section .iar.init_table,
          ro section .init_array, ro section .near.data_init,
          ro section .near.rodata, ro section .near_func.text,
          ro section .near_func.textrw_init, ro section .tiny.data_init,
          ro section .tiny.rodata_init };
"P4":  place in [from 0x008000 to 0x009fff] {
          ro section .far.rodata, ro section .far_func.text };
"P5":  place in [from 0x008000 to 0x009fff] {
          ro section .huge.rodata, ro section .huge_func.text };
do not initialize {
   rw section .eeprom.noinit, rw section .far.noinit, rw section .huge.noinit,
   rw section .near.noinit, rw section .tiny.noinit, rw section .vregs };
initialize by copy {
   rw section .far.bss, rw section .far.data, rw section .far_func.textrw,
   rw section .huge.bss, rw section .huge.data, rw section .huge_func.textrw,
   rw section .iar.dynexit, rw section .near.bss, rw section .near.data,
   rw section .near_func.textrw, rw section .tiny.bss, rw section .tiny.data,
   ro section .tiny.rodata };

  Section            Kind      Address    Size  Object
  -------            ----      -------    ----  ------
"A0":                                     0x10
  .vregs             uninit   0x000000    0x10  vregs.o [4]
                            - 0x000010    0x10

"P2":                                     0x46
  P2-1                        0x000010    0x46  <Init block>
    .near.data       inited   0x000010    0x23  EepromMap.o [1]
    .near.bss        inited   0x000033     0x2  EepromMap.o [1]
    .near.bss        inited   0x000035     0x2  EepromMap.o [1]
    .near.bss        inited   0x000037     0x2  EepromMap.o [1]
    .near.bss        inited   0x000039     0x2  EepromMap.o [1]
    .near.bss        inited   0x00003b     0x2  EepromMap.o [1]
    .near.bss        inited   0x00003d     0xa  stm8s_it.o [1]
    .near.bss        inited   0x000047     0x1  stm8s_it.o [1]
    .near.bss        inited   0x000048     0x8  system.o [1]
    .near.bss        inited   0x000050     0x1  system.o [1]
    .near.bss        inited   0x000051     0x2  system.o [1]
    .near.bss        inited   0x000053     0x1  system.o [1]
    .near.bss        inited   0x000054     0x2  TimeOut.o [1]
                            - 0x000056    0x46

"A1":                                    0x100
  CSTACK                      0x000300   0x100  <Block>
    CSTACK           uninit   0x000300   0x100  <Block tail>
                            - 0x000400   0x100

"A2":                                     0x80
  INTVEC                      0x008000    0x80  <Block>
    .intvec          const    0x008000    0x80  interrupt.o [4]
                            - 0x008080    0x80

"P3-P5":                                0x11ed
  .near_func.text    ro code  0x008080   0x222  stm8s_uart1.o [1]
  .near_func.text    ro code  0x0082a2   0x130  long.o [4]
  .near_func.text    ro code  0x0083d2   0x110  stm8s_gpio.o [1]
  .near_func.text    ro code  0x0084e2   0x10a  vreg_util.o [4]
  .near_func.text    ro code  0x0085ec    0xd3  stm8s_uart1.o [1]
  .near_func.text    ro code  0x0086bf    0xd0  stm8s_uart1.o [1]
  .near_func.text    ro code  0x00878f    0xa7  bsp_uart1.o [1]
  .near_func.text    ro code  0x008836    0x9e  stm8s_uart1.o [1]
  .near_func.text    ro code  0x0088d4    0x84  EepromMap.o [1]
  .near_func.text    ro code  0x008958    0x76  system.o [1]
  .near_func.text    ro code  0x0089ce    0x60  EepromMap.o [1]
  .near_func.text    ro code  0x008a2e    0x5d  EepromMap.o [1]
  .near_func.text    ro code  0x008a8b    0x57  stm8s_clk.o [1]
  .near_func.text    ro code  0x008ae2    0x54  stm8s_flash.o [1]
  .near_func.text    ro code  0x008b36    0x51  stm8s_tim4.o [1]
  .near_func.text    ro code  0x008b87    0x50  stm8s_tim4.o [1]
  .near_func.text    ro code  0x008bd7    0x4a  stm8s_flash.o [1]
  .near_func.text    ro code  0x008c21    0x49  stm8s_it.o [1]
  .near_func.text    ro code  0x008c6a    0x47  system.o [1]
  .near_func.text    ro code  0x008cb1    0x47  long_util.o [4]
  Initializer bytes  const    0x008cf8    0x46  <for P2-1>
  .near.rodata       const    0x008d3e    0x3b  stm8s_flash.o [1]
  .near.rodata       const    0x008d79    0x3b  stm8s_uart1.o [1]
  .near_func.text    ro code  0x008db4    0x3b  stm8s_flash.o [1]
  .near.rodata       const    0x008def    0x3a  stm8s_gpio.o [1]
  .near.rodata       const    0x008e29    0x3a  stm8s_tim4.o [1]
  .near_func.text    ro code  0x008e63    0x36  stm8s_uart1.o [1]
  .near.rodata       const    0x008e99    0x35  system.o [1]
  .near.rodata       const    0x008ece    0x35  system.o [1]
  .near.rodata       const    0x008f03    0x35  system.o [1]
  .near_func.text    ro code  0x008f38    0x2f  stm8s_tim4.o [1]
  .near_func.text    ro code  0x008f67    0x2e  bsp_uart1.o [1]
  .near_func.text    ro code  0x008f95    0x2d  stm8s_uart1.o [1]
  .near_func.text    ro code  0x008fc2    0x2b  stm8s_flash.o [1]
  .near_func.text    ro code  0x008fed    0x2b  short.o [4]
  .near_func.text    ro code  0x009018    0x29  bsp_uart1.o [1]
  .near_func.text    ro code  0x009041    0x28  init_small.o [4]
  .near_func.text    ro code  0x009069    0x25  dc_util.o [4]
  .near_func.text    ro code  0x00908e    0x24  stm8s_tim4.o [1]
  .near_func.text    ro code  0x0090b2    0x21  TimeOut.o [1]
  .iar.init_table    const    0x0090d3     0xa  - Linker created -
  .near.rodata       const    0x0090dd    0x1f  system.o [1]
  .near.rodata       const    0x0090fc    0x1d  system.o [1]
  .near_func.text    ro code  0x009119    0x1b  stm8s_it.o [1]
  .near_func.text    ro code  0x009134    0x1a  bsp_timer.o [1]
  .near_func.text    ro code  0x00914e    0x19  stm8s_tim4.o [1]
  .near_func.text    ro code  0x009167    0x16  memset.o [4]
  .near_func.text    ro code  0x00917d    0x14  bsp_led.o [1]
  .near_func.text    ro code  0x009191    0x14  init.o [4]
  .near_func.text    ro code  0x0091a5    0x14  __dbg_xxexit.o [3]
  .near_func.text    ro code  0x0091b9    0x13  cstartup.o [4]
  .near_func.text    ro code  0x0091cc    0x12  TimeOut.o [1]
  .near_func.text    ro code  0x0091de     0xe  bsp_uart1.o [1]
  .near_func.text    ro code  0x0091ec     0xd  stm8s_uart1.o [1]
  .near_func.text    ro code  0x0091f9     0xd  move.o [4]
  .near_func.text    ro code  0x009206     0x8  main.o [1]
  .near_func.text    ro code  0x00920e     0x8  TimeOut.o [1]
  .near.rodata       const    0x009216     0x7  bsp_uart1.o [1]
  .near_func.text    ro code  0x00921d     0x7  stm8s_gpio.o [1]
  .near.rodata       const    0x009224     0x5  system.o [1]
  .near.rodata       const    0x009229     0x5  system.o [1]
  .near_func.text    ro code  0x00922e     0x5  TimeOut.o [1]
  .near_func.text    ro code  0x009233     0x5  cexit.o [4]
  .near.rodata       const    0x009238     0x4  stm8s_clk.o [1]
  .near_func.text    ro code  0x00923c     0x4  stm8s_gpio.o [1]
  .near_func.text    ro code  0x009240     0x4  stm8s_uart1.o [1]
  .near_func.text    ro code  0x009244     0x4  stm8s_uart1.o [1]
  .near_func.text    ro code  0x009248     0x4  TimeOut.o [1]
  .near_func.text    ro code  0x00924c     0x3  interrupt.o [4]
  .near_func.text    ro code  0x00924f     0x3  low_level_init.o [4]
  .near_func.text    ro code  0x009252     0x3  exit.o [4]
  .near_func.text    ro code  0x009255     0x3  unhandled_exception.o [4]
  .near_func.text    ro code  0x009258     0x2  main.o [1]
  .near_func.text    ro code  0x00925a     0x1  stm8s_it.o [1]
  .near_func.text    ro code  0x00925b     0x1  stm8s_it.o [1]
  .near_func.text    ro code  0x00925c     0x1  stm8s_it.o [1]
  .near_func.text    ro code  0x00925d     0x1  stm8s_it.o [1]
  .near_func.text    ro code  0x00925e     0x1  stm8s_it.o [1]
  .near_func.text    ro code  0x00925f     0x1  stm8s_it.o [1]
  .near_func.text    ro code  0x009260     0x1  stm8s_it.o [1]
  .near_func.text    ro code  0x009261     0x1  stm8s_it.o [1]
  .near_func.text    ro code  0x009262     0x1  stm8s_it.o [1]
  .near_func.text    ro code  0x009263     0x1  stm8s_it.o [1]
  .near_func.text    ro code  0x009264     0x1  stm8s_it.o [1]
  .near_func.text    ro code  0x009265     0x1  stm8s_it.o [1]
  .near_func.text    ro code  0x009266     0x1  stm8s_it.o [1]
  .near_func.text    ro code  0x009267     0x1  stm8s_it.o [1]
  .near_func.text    ro code  0x009268     0x1  stm8s_it.o [1]
  .near_func.text    ro code  0x009269     0x1  stm8s_it.o [1]
  .near_func.text    ro code  0x00926a     0x1  stm8s_it.o [1]
  .near_func.text    ro code  0x00926b     0x1  stm8s_it.o [1]
  .near_func.text    ro code  0x00926c     0x1  __dbg_break.o [3]
                            - 0x00926d  0x11ed


*******************************************************************************
*** INIT TABLE
***

          Address   Size
          -------   ----
Copy (__iar_copy_init2)
    1 source range, total size 0x46:
          0x008cf8  0x46
    1 destination range, total size 0x46:
          0x000010  0x46



*******************************************************************************
*** MODULE SUMMARY
***

    Module                 ro code  ro data  rw data
    ------                 -------  -------  -------
C:\Users\Administrator\Desktop\flash\pro\Debug\Obj: [1]
    EepromMap.o                321       45       45
    TimeOut.o                   68        2        2
    bsp_led.o                   20
    bsp_timer.o                 26
    bsp_uart1.o                268        7
    main.o                      10
    stm8s_clk.o                 87        4
    stm8s_flash.o              260       59
    stm8s_gpio.o               283       58
    stm8s_it.o                 118       11       11
    stm8s_tim4.o               269       58
    stm8s_uart1.o            1 243       59
    system.o                   189      241       12
    ------------------------------------------------
    Total:                   3 162      544       70

command line: [2]
    ------------------------------------------------
    Total:

dbgstm8smd.a: [3]
    __dbg_break.o                1
    __dbg_xxexit.o              20
    ------------------------------------------------
    Total:                      21

dlstm8smn.a: [4]
    cexit.o                      5
    cstartup.o                  19
    dc_util.o                   37
    exit.o                       3
    init.o                      20
    init_small.o                40
    interrupt.o                  3      128
    long.o                     304
    long_util.o                 71
    low_level_init.o             3
    memset.o                    22
    move.o                      13
    short.o                     43
    unhandled_exception.o        3
    vreg_util.o                266
    vregs.o                                       16
    ------------------------------------------------
    Total:                     852      128       16

    Linker created                       10      256
----------------------------------------------------
    Grand Total:             4 035      682      342


*******************************************************************************
*** ENTRY LIST
***

Entry                    Address   Size  Type      Object
-----                    -------   ----  ----      ------
.iar.init_table$$Base   0x0090d3          --   Gb  - Linker created -
.iar.init_table$$Limit  0x0090dd          --   Gb  - Linker created -
?b0                     0x000000         Data  Gb  vregs.o [4]
?b1                     0x000001         Data  Gb  vregs.o [4]
?b10                    0x00000a         Data  Gb  vregs.o [4]
?b11                    0x00000b         Data  Gb  vregs.o [4]
?b12                    0x00000c         Data  Gb  vregs.o [4]
?b13                    0x00000d         Data  Gb  vregs.o [4]
?b14                    0x00000e         Data  Gb  vregs.o [4]
?b15                    0x00000f         Data  Gb  vregs.o [4]
?b2                     0x000002         Data  Gb  vregs.o [4]
?b3                     0x000003         Data  Gb  vregs.o [4]
?b4                     0x000004         Data  Gb  vregs.o [4]
?b5                     0x000005         Data  Gb  vregs.o [4]
?b6                     0x000006         Data  Gb  vregs.o [4]
?b7                     0x000007         Data  Gb  vregs.o [4]
?b8                     0x000008         Data  Gb  vregs.o [4]
?b9                     0x000009         Data  Gb  vregs.o [4]
?dc32_l0                0x009069         Code  Gb  dc_util.o [4]
?dc32_l1                0x009076         Code  Gb  dc_util.o [4]
?dc32_px                0x009083         Code  Gb  dc_util.o [4]
?e0                     0x000001         Data  Gb  vregs.o [4]
?e1                     0x000005         Data  Gb  vregs.o [4]
?e2                     0x000009         Data  Gb  vregs.o [4]
?e3                     0x00000d         Data  Gb  vregs.o [4]
?epilogue_l2            0x008582         Code  Gb  vreg_util.o [4]
?epilogue_l2_l3         0x00857f         Code  Gb  vreg_util.o [4]
?epilogue_l2_w6         0x008586         Code  Gb  vreg_util.o [4]
?epilogue_w4            0x00858d         Code  Gb  vreg_util.o [4]
?l0                     0x000000         Data  Gb  vregs.o [4]
?l1                     0x000004         Data  Gb  vregs.o [4]
?l2                     0x000008         Data  Gb  vregs.o [4]
?l3                     0x00000c         Data  Gb  vregs.o [4]
?load32_0x_l0           0x008cea         Code  Gb  long_util.o [4]
?load32_asp_l0          0x008cde         Code  Gb  long_util.o [4]
?load32_dbsp_l0         0x008cd9         Code  Gb  long_util.o [4]
?load32_l0_0x           0x008cc1         Code  Gb  long_util.o [4]
?load32_l0_asp          0x008cb6         Code  Gb  long_util.o [4]
?load32_l0_dbsp         0x008cb1         Code  Gb  long_util.o [4]
?load32_l0_xsp          0x008cb8         Code  Gb  long_util.o [4]
?load32_l1_0x           0x008ccd         Code  Gb  long_util.o [4]
?load32_xsp_l0          0x008ce0         Code  Gb  long_util.o [4]
?mov_e0_e2              0x008594         Code  Gb  vreg_util.o [4]
?mov_e0_e3              0x0085a1         Code  Gb  vreg_util.o [4]
?mov_e1_e0              0x0085ae         Code  Gb  vreg_util.o [4]
?mov_e1_e2              0x0085bb         Code  Gb  vreg_util.o [4]
?mov_e1_e3              0x0085c8         Code  Gb  vreg_util.o [4]
?mov_e2_e0              0x0085d5         Code  Gb  vreg_util.o [4]
?mov_e3_e0              0x0085e2         Code  Gb  vreg_util.o [4]
?mov_l0_l2              0x008591         Code  Gb  vreg_util.o [4]
?mov_l0_l3              0x00859e         Code  Gb  vreg_util.o [4]
?mov_l1_l0              0x0085ab         Code  Gb  vreg_util.o [4]
?mov_l1_l2              0x0085b8         Code  Gb  vreg_util.o [4]
?mov_l1_l3              0x0085c5         Code  Gb  vreg_util.o [4]
?mov_l2_l0              0x0085d2         Code  Gb  vreg_util.o [4]
?mov_l3_l0              0x0085df         Code  Gb  vreg_util.o [4]
?mov_w1_w5              0x008597         Code  Gb  vreg_util.o [4]
?mov_w1_w7              0x0085a4         Code  Gb  vreg_util.o [4]
?mov_w3_w1              0x0085b1         Code  Gb  vreg_util.o [4]
?mov_w3_w5              0x0085be         Code  Gb  vreg_util.o [4]
?mov_w3_w7              0x0085cb         Code  Gb  vreg_util.o [4]
?mov_w5_w1              0x0085d8         Code  Gb  vreg_util.o [4]
?mov_w7_w1              0x0085e5         Code  Gb  vreg_util.o [4]
?move1616_v_x_y_a       0x0091f9         Code  Gb  move.o [4]
?mul16_x_x_w0           0x008fed         Code  Gb  short.o [4]
?mul32_l0_l0_0x         0x0082c5         Code  Gb  long.o [4]
?mul32_l0_l0_dl         0x0082c2         Code  Gb  long.o [4]
?mul32_l0_l0_l1         0x0082ce         Code  Gb  long.o [4]
?pop_l0                 0x00854b         Code  Gb  vreg_util.o [4]
?pop_l1                 0x008556         Code  Gb  vreg_util.o [4]
?pop_l2                 0x008561         Code  Gb  vreg_util.o [4]
?pop_l3                 0x00856c         Code  Gb  vreg_util.o [4]
?pop_w4                 0x008504         Code  Gb  vreg_util.o [4]
?pop_w6                 0x00850b         Code  Gb  vreg_util.o [4]
?push_l0                0x00851a         Code  Gb  vreg_util.o [4]
?push_l1                0x00851f         Code  Gb  vreg_util.o [4]
?push_l2                0x008524         Code  Gb  vreg_util.o [4]
?push_l3                0x008529         Code  Gb  vreg_util.o [4]
?push_w0                0x0084e2         Code  Gb  vreg_util.o [4]
?push_w4                0x0084e7         Code  Gb  vreg_util.o [4]
?push_w6                0x0084ec         Code  Gb  vreg_util.o [4]
?sll16_x_x_a            0x00900b         Code  Gb  short.o [4]
?sll32_0x_0x_a          0x0083c4         Code  Gb  long.o [4]
?sll32_l0_l0_a          0x0083c1         Code  Gb  long.o [4]
?srl16_x_x_4            0x009013         Code  Gb  short.o [4]
?sub32_l0_l0_0x         0x0082aa         Code  Gb  long.o [4]
?sub32_l0_l0_dl         0x0082a2         Code  Gb  long.o [4]
?sub32_l0_l0_l1         0x0082a7         Code  Gb  long.o [4]
?udiv32_l0_dl_l1        0x00834c         Code  Gb  long.o [4]
?udiv32_l0_l0_dl        0x008351         Code  Gb  long.o [4]
?udiv32_l0_l0_l1        0x008354         Code  Gb  long.o [4]
?umod32_l1_l0_l1        0x008354         Code  Gb  long.o [4]
?w0                     0x000000         Data  Gb  vregs.o [4]
?w1                     0x000002         Data  Gb  vregs.o [4]
?w2                     0x000004         Data  Gb  vregs.o [4]
?w3                     0x000006         Data  Gb  vregs.o [4]
?w4                     0x000008         Data  Gb  vregs.o [4]
?w5                     0x00000a         Data  Gb  vregs.o [4]
?w6                     0x00000c         Data  Gb  vregs.o [4]
?w7                     0x00000e         Data  Gb  vregs.o [4]
ADC1_IRQHandler         0x00926a    0x1  Code  Gb  stm8s_it.o [1]
AWU_IRQHandler          0x00925c    0x1  Code  Gb  stm8s_it.o [1]
CLK_GetClockFreq        0x008a8b   0x57  Code  Gb  stm8s_clk.o [1]
CLK_IRQHandler          0x00925d    0x1  Code  Gb  stm8s_it.o [1]
CSTACK$$Base            0x000300          --   Gb  - Linker created -
CSTACK$$Limit           0x000400          --   Gb  - Linker created -
EEPROM_EEC_IRQHandler   0x00926b    0x1  Code  Gb  stm8s_it.o [1]
EXTI_PORTA_IRQHandler   0x00925e    0x1  Code  Gb  stm8s_it.o [1]
EXTI_PORTB_IRQHandler   0x00925f    0x1  Code  Gb  stm8s_it.o [1]
EXTI_PORTC_IRQHandler   0x009260    0x1  Code  Gb  stm8s_it.o [1]
EXTI_PORTD_IRQHandler   0x009261    0x1  Code  Gb  stm8s_it.o [1]
EXTI_PORTE_IRQHandler   0x009262    0x1  Code  Gb  stm8s_it.o [1]
Eeprom                  0x000010   0x23  Data  Gb  EepromMap.o [1]
EepromInitial           0x008a2e   0x5d  Code  Gb  EepromMap.o [1]
EepromReadSection       0x0089ce   0x60  Code  Gb  EepromMap.o [1]
EepromWriteSection      0x0088d4   0x84  Code  Gb  EepromMap.o [1]
FLASH_Lock              0x008fc2   0x2b  Code  Gb  stm8s_flash.o [1]
FLASH_ProgramByte       0x008ae2   0x54  Code  Gb  stm8s_flash.o [1]
FLASH_ReadByte          0x008bd7   0x4a  Code  Gb  stm8s_flash.o [1]
FLASH_Unlock            0x008db4   0x3b  Code  Gb  stm8s_flash.o [1]
GPIO_Init               0x0083d2  0x110  Code  Gb  stm8s_gpio.o [1]
GPIO_WriteHigh          0x00921d    0x7  Code  Gb  stm8s_gpio.o [1]
GPIO_WriteLow           0x00923c    0x4  Code  Gb  stm8s_gpio.o [1]
HSIDivFactor            0x009238    0x4  Data  Gb  stm8s_clk.o [1]
I2C_IRQHandler          0x009269    0x1  Code  Gb  stm8s_it.o [1]
INTVEC$$Base            0x008000          --   Gb  - Linker created -
INTVEC$$Limit           0x008080          --   Gb  - Linker created -
InsBaseNum              0x000054    0x2  Data  Gb  TimeOut.o [1]
Led_Init                0x00917d   0x14  Code  Gb  bsp_led.o [1]
Region$$Table$$Base     0x0090d3          --   Gb  - Linker created -
Region$$Table$$Limit    0x0090dd          --   Gb  - Linker created -
RevDelayTime            0x000051    0x2  Data  Gb  system.o [1]
SPI_IRQHandler          0x009263    0x1  Code  Gb  stm8s_it.o [1]
SendData_Number         0x00878f   0xa7  Code  Gb  bsp_uart1.o [1]
System_Handle           0x008958   0x76  Code  Gb  system.o [1]
System_Handle::Cnts     0x000053    0x1  Data  Lc  system.o [1]
System_Init             0x008c6a   0x47  Code  Gb  system.o [1]
TIM1_CAP_COM_IRQHandler
                        0x009265    0x1  Code  Gb  stm8s_it.o [1]
TIM1_UPD_OVF_TRG_BRK_IRQHandler
                        0x009264    0x1  Code  Gb  stm8s_it.o [1]
TIM2_CAP_COM_IRQHandler
                        0x009267    0x1  Code  Gb  stm8s_it.o [1]
TIM2_UPD_OVF_BRK_IRQHandler
                        0x009266    0x1  Code  Gb  stm8s_it.o [1]
TIM4_ClearITPendingBit  0x00908e   0x24  Code  Gb  stm8s_tim4.o [1]
TIM4_Cmd                0x008f38   0x2f  Code  Gb  stm8s_tim4.o [1]
TIM4_DeInit             0x00914e   0x19  Code  Gb  stm8s_tim4.o [1]
TIM4_ITConfig           0x008b87   0x50  Code  Gb  stm8s_tim4.o [1]
TIM4_TimeBaseInit       0x008b36   0x51  Code  Gb  stm8s_tim4.o [1]
TIM4_UPD_OVF_IRQHandler
                        0x009119   0x1b  Code  Gb  stm8s_it.o [1]
TLI_IRQHandler          0x00925b    0x1  Code  Gb  stm8s_it.o [1]
TRAP_IRQHandler         0x00925a    0x1  Code  Gb  stm8s_it.o [1]
TimeOutDet_Check        0x0090b2   0x21  Code  Gb  TimeOut.o [1]
TimeOutDet_DecHandle    0x00920e    0x8  Code  Gb  TimeOut.o [1]
TimeOutDet_Init         0x00922e    0x5  Code  Gb  TimeOut.o [1]
TimeOut_BaseValue       0x009248    0x4  Code  Gb  TimeOut.o [1]
TimeOut_Para            0x000048    0x8  Data  Gb  system.o [1]
TimeOut_Record          0x0091cc   0x12  Code  Gb  TimeOut.o [1]
Timer_Init              0x009134   0x1a  Code  Gb  bsp_timer.o [1]
UART1_ClearFlag         0x008e63   0x36  Code  Gb  stm8s_uart1.o [1]
UART1_Cmd               0x0091ec    0xd  Code  Gb  stm8s_uart1.o [1]
UART1_DeInit            0x008f95   0x2d  Code  Gb  stm8s_uart1.o [1]
UART1_GetFlagStatus     0x008836   0x9e  Code  Gb  stm8s_uart1.o [1]
UART1_GetITStatus       0x0085ec   0xd3  Code  Gb  stm8s_uart1.o [1]
UART1_ITConfig          0x0086bf   0xd0  Code  Gb  stm8s_uart1.o [1]
UART1_Init              0x008080  0x222  Code  Gb  stm8s_uart1.o [1]
UART1_RX_IRQHandler     0x008c21   0x49  Code  Gb  stm8s_it.o [1]
UART1_RX_IRQHandler::RxIndex
                        0x000047    0x1  Data  Lc  stm8s_it.o [1]
UART1_ReceiveData8      0x009240    0x4  Code  Gb  stm8s_uart1.o [1]
UART1_SendData8         0x009244    0x4  Code  Gb  stm8s_uart1.o [1]
UART1_TX_IRQHandler     0x009268    0x1  Code  Gb  stm8s_it.o [1]
Uaer1RxByte             0x00003d    0xa  Data  Gb  stm8s_it.o [1]
Uart1_Init              0x008f67   0x2e  Code  Gb  bsp_uart1.o [1]
Uart1_SendByte          0x0091de    0xe  Code  Gb  bsp_uart1.o [1]
Uart1_SendString        0x009018   0x29  Code  Gb  bsp_uart1.o [1]
__DebugBreak            0x00926c    0x1  Code  Gb  __dbg_break.o [3]
__exit                  0x0091a5   0x14  Code  Gb  __dbg_xxexit.o [3]
__iar_copy_init2        0x009041         Code  Gb  init_small.o [4]
__iar_data_init2        0x009191   0x14  Code  Gb  init.o [4]
__iar_program_start     0x0091b9         Code  Gb  cstartup.o [4]
__iar_unhandled_exception
                        0x009255         Code  Gb  unhandled_exception.o [4]
__intvec                0x008000         Data  Gb  interrupt.o [4]
__low_level_init        0x00924f    0x3  Code  Gb  low_level_init.o [4]
_exit                   0x009233         Code  Gb  cexit.o [4]
_interrupt_1            0x00925a         Code  Gb  stm8s_it.o [1]
_interrupt_12           0x009263         Code  Gb  stm8s_it.o [1]
_interrupt_13           0x009264         Code  Gb  stm8s_it.o [1]
_interrupt_14           0x009265         Code  Gb  stm8s_it.o [1]
_interrupt_15           0x009266         Code  Gb  stm8s_it.o [1]
_interrupt_16           0x009267         Code  Gb  stm8s_it.o [1]
_interrupt_19           0x009268         Code  Gb  stm8s_it.o [1]
_interrupt_2            0x00925b         Code  Gb  stm8s_it.o [1]
_interrupt_20           0x008c21         Code  Gb  stm8s_it.o [1]
_interrupt_21           0x009269         Code  Gb  stm8s_it.o [1]
_interrupt_24           0x00926a         Code  Gb  stm8s_it.o [1]
_interrupt_25           0x009119         Code  Gb  stm8s_it.o [1]
_interrupt_26           0x00926b         Code  Gb  stm8s_it.o [1]
_interrupt_3            0x00925c         Code  Gb  stm8s_it.o [1]
_interrupt_4            0x00925d         Code  Gb  stm8s_it.o [1]
_interrupt_5            0x00925e         Code  Gb  stm8s_it.o [1]
_interrupt_6            0x00925f         Code  Gb  stm8s_it.o [1]
_interrupt_7            0x009260         Code  Gb  stm8s_it.o [1]
_interrupt_8            0x009261         Code  Gb  stm8s_it.o [1]
_interrupt_9            0x009262         Code  Gb  stm8s_it.o [1]
assert_failed           0x009258    0x2  Code  Gb  main.o [1]
exit                    0x009252    0x3  Code  Gb  exit.o [4]
main                    0x009206    0x8  Code  Gb  main.o [1]
memset                  0x009167   0x16  Code  Gb  memset.o [4]
ubFrameDone             0x000050    0x1  Data  Gb  system.o [1]
uwEEP_BlinkPeriod       0x00003b    0x2  Data  Gb  EepromMap.o [1]
uwEEP_BuildVersion      0x000039    0x2  Data  Gb  EepromMap.o [1]
uwEEP_EepromVersion     0x000033    0x2  Data  Gb  EepromMap.o [1]
uwEEP_MajorVersion      0x000035    0x2  Data  Gb  EepromMap.o [1]
uwEEP_MinorVersion      0x000037    0x2  Data  Gb  EepromMap.o [1]


[1] = C:\Users\Administrator\Desktop\flash\pro\Debug\Obj
[2] = command line
[3] = dbgstm8smd.a
[4] = dlstm8smn.a

  4 035 bytes of readonly  code memory
    682 bytes of readonly  data memory
    342 bytes of readwrite data memory

Errors: none
Warnings: none
